Archive member included to satisfy reference by file (symbol)

c:/progra~2/gnuarm~1/102021~1.10/bin/../lib/gcc/arm-none-eabi/10.3.1/../../../../arm-none-eabi/lib/thumb/v7e-m/nofp\libc_nano.a(lib_a-exit.o)
                              c:/progra~2/gnuarm~1/102021~1.10/bin/../lib/gcc/arm-none-eabi/10.3.1/../../../../arm-none-eabi/lib/thumb/v7e-m/nofp/crt0.o (exit)
c:/progra~2/gnuarm~1/102021~1.10/bin/../lib/gcc/arm-none-eabi/10.3.1/../../../../arm-none-eabi/lib/thumb/v7e-m/nofp\libc_nano.a(lib_a-impure.o)
                              c:/progra~2/gnuarm~1/102021~1.10/bin/../lib/gcc/arm-none-eabi/10.3.1/../../../../arm-none-eabi/lib/thumb/v7e-m/nofp\libc_nano.a(lib_a-exit.o) (_global_impure_ptr)
c:/progra~2/gnuarm~1/102021~1.10/bin/../lib/gcc/arm-none-eabi/10.3.1/../../../../arm-none-eabi/lib/thumb/v7e-m/nofp\libc_nano.a(lib_a-init.o)
                              c:/progra~2/gnuarm~1/102021~1.10/bin/../lib/gcc/arm-none-eabi/10.3.1/../../../../arm-none-eabi/lib/thumb/v7e-m/nofp/crt0.o (__libc_init_array)
c:/progra~2/gnuarm~1/102021~1.10/bin/../lib/gcc/arm-none-eabi/10.3.1/../../../../arm-none-eabi/lib/thumb/v7e-m/nofp\libc_nano.a(lib_a-memset.o)
                              c:/progra~2/gnuarm~1/102021~1.10/bin/../lib/gcc/arm-none-eabi/10.3.1/../../../../arm-none-eabi/lib/thumb/v7e-m/nofp/crt0.o (memset)
c:/progra~2/gnuarm~1/102021~1.10/bin/../lib/gcc/arm-none-eabi/10.3.1/../../../../arm-none-eabi/lib/thumb/v7e-m/nofp\libnosys.a(_exit.o)
                              c:/progra~2/gnuarm~1/102021~1.10/bin/../lib/gcc/arm-none-eabi/10.3.1/../../../../arm-none-eabi/lib/thumb/v7e-m/nofp\libc_nano.a(lib_a-exit.o) (_exit)

Discarded input sections

 .text          0x00000000        0x0 c:/progra~2/gnuarm~1/102021~1.10/bin/../lib/gcc/arm-none-eabi/10.3.1/thumb/v7e-m/nofp/crti.o
 .data          0x00000000        0x0 c:/progra~2/gnuarm~1/102021~1.10/bin/../lib/gcc/arm-none-eabi/10.3.1/thumb/v7e-m/nofp/crti.o
 .bss           0x00000000        0x0 c:/progra~2/gnuarm~1/102021~1.10/bin/../lib/gcc/arm-none-eabi/10.3.1/thumb/v7e-m/nofp/crti.o
 .text          0x00000000       0x40 c:/progra~2/gnuarm~1/102021~1.10/bin/../lib/gcc/arm-none-eabi/10.3.1/thumb/v7e-m/nofp/crtbegin.o
 .data          0x00000000        0x4 c:/progra~2/gnuarm~1/102021~1.10/bin/../lib/gcc/arm-none-eabi/10.3.1/thumb/v7e-m/nofp/crtbegin.o
 .bss           0x00000000       0x1c c:/progra~2/gnuarm~1/102021~1.10/bin/../lib/gcc/arm-none-eabi/10.3.1/thumb/v7e-m/nofp/crtbegin.o
 .rodata        0x00000000       0x24 c:/progra~2/gnuarm~1/102021~1.10/bin/../lib/gcc/arm-none-eabi/10.3.1/thumb/v7e-m/nofp/crtbegin.o
 .init_array    0x00000000        0x4 c:/progra~2/gnuarm~1/102021~1.10/bin/../lib/gcc/arm-none-eabi/10.3.1/thumb/v7e-m/nofp/crtbegin.o
 .fini_array    0x00000000        0x4 c:/progra~2/gnuarm~1/102021~1.10/bin/../lib/gcc/arm-none-eabi/10.3.1/thumb/v7e-m/nofp/crtbegin.o
 .eh_frame      0x00000000        0x0 c:/progra~2/gnuarm~1/102021~1.10/bin/../lib/gcc/arm-none-eabi/10.3.1/thumb/v7e-m/nofp/crtbegin.o
 .ARM.attributes
                0x00000000       0x2e c:/progra~2/gnuarm~1/102021~1.10/bin/../lib/gcc/arm-none-eabi/10.3.1/thumb/v7e-m/nofp/crtbegin.o
 .text          0x00000000       0x7c c:/progra~2/gnuarm~1/102021~1.10/bin/../lib/gcc/arm-none-eabi/10.3.1/../../../../arm-none-eabi/lib/thumb/v7e-m/nofp/crt0.o
 .data          0x00000000        0x0 c:/progra~2/gnuarm~1/102021~1.10/bin/../lib/gcc/arm-none-eabi/10.3.1/../../../../arm-none-eabi/lib/thumb/v7e-m/nofp/crt0.o
 .bss           0x00000000        0x0 c:/progra~2/gnuarm~1/102021~1.10/bin/../lib/gcc/arm-none-eabi/10.3.1/../../../../arm-none-eabi/lib/thumb/v7e-m/nofp/crt0.o
 .ARM.extab     0x00000000        0x0 c:/progra~2/gnuarm~1/102021~1.10/bin/../lib/gcc/arm-none-eabi/10.3.1/../../../../arm-none-eabi/lib/thumb/v7e-m/nofp/crt0.o
 .ARM.exidx     0x00000000       0x10 c:/progra~2/gnuarm~1/102021~1.10/bin/../lib/gcc/arm-none-eabi/10.3.1/../../../../arm-none-eabi/lib/thumb/v7e-m/nofp/crt0.o
 .ARM.attributes
                0x00000000       0x1c c:/progra~2/gnuarm~1/102021~1.10/bin/../lib/gcc/arm-none-eabi/10.3.1/../../../../arm-none-eabi/lib/thumb/v7e-m/nofp/crt0.o
 .text          0x00000000        0x0 c:/progra~2/gnuarm~1/102021~1.10/bin/../lib/gcc/arm-none-eabi/10.3.1/../../../../arm-none-eabi/lib/thumb/v7e-m/nofp\libc_nano.a(lib_a-exit.o)
 .data          0x00000000        0x0 c:/progra~2/gnuarm~1/102021~1.10/bin/../lib/gcc/arm-none-eabi/10.3.1/../../../../arm-none-eabi/lib/thumb/v7e-m/nofp\libc_nano.a(lib_a-exit.o)
 .bss           0x00000000        0x0 c:/progra~2/gnuarm~1/102021~1.10/bin/../lib/gcc/arm-none-eabi/10.3.1/../../../../arm-none-eabi/lib/thumb/v7e-m/nofp\libc_nano.a(lib_a-exit.o)
 .text.exit     0x00000000       0x28 c:/progra~2/gnuarm~1/102021~1.10/bin/../lib/gcc/arm-none-eabi/10.3.1/../../../../arm-none-eabi/lib/thumb/v7e-m/nofp\libc_nano.a(lib_a-exit.o)
 .debug_frame   0x00000000       0x28 c:/progra~2/gnuarm~1/102021~1.10/bin/../lib/gcc/arm-none-eabi/10.3.1/../../../../arm-none-eabi/lib/thumb/v7e-m/nofp\libc_nano.a(lib_a-exit.o)
 .ARM.attributes
                0x00000000       0x2e c:/progra~2/gnuarm~1/102021~1.10/bin/../lib/gcc/arm-none-eabi/10.3.1/../../../../arm-none-eabi/lib/thumb/v7e-m/nofp\libc_nano.a(lib_a-exit.o)
 .text          0x00000000        0x0 c:/progra~2/gnuarm~1/102021~1.10/bin/../lib/gcc/arm-none-eabi/10.3.1/../../../../arm-none-eabi/lib/thumb/v7e-m/nofp\libc_nano.a(lib_a-impure.o)
 .data          0x00000000        0x0 c:/progra~2/gnuarm~1/102021~1.10/bin/../lib/gcc/arm-none-eabi/10.3.1/../../../../arm-none-eabi/lib/thumb/v7e-m/nofp\libc_nano.a(lib_a-impure.o)
 .bss           0x00000000        0x0 c:/progra~2/gnuarm~1/102021~1.10/bin/../lib/gcc/arm-none-eabi/10.3.1/../../../../arm-none-eabi/lib/thumb/v7e-m/nofp\libc_nano.a(lib_a-impure.o)
 .data._impure_ptr
                0x00000000        0x4 c:/progra~2/gnuarm~1/102021~1.10/bin/../lib/gcc/arm-none-eabi/10.3.1/../../../../arm-none-eabi/lib/thumb/v7e-m/nofp\libc_nano.a(lib_a-impure.o)
 .data.impure_data
                0x00000000       0x60 c:/progra~2/gnuarm~1/102021~1.10/bin/../lib/gcc/arm-none-eabi/10.3.1/../../../../arm-none-eabi/lib/thumb/v7e-m/nofp\libc_nano.a(lib_a-impure.o)
 .rodata._global_impure_ptr
                0x00000000        0x4 c:/progra~2/gnuarm~1/102021~1.10/bin/../lib/gcc/arm-none-eabi/10.3.1/../../../../arm-none-eabi/lib/thumb/v7e-m/nofp\libc_nano.a(lib_a-impure.o)
 .ARM.attributes
                0x00000000       0x2e c:/progra~2/gnuarm~1/102021~1.10/bin/../lib/gcc/arm-none-eabi/10.3.1/../../../../arm-none-eabi/lib/thumb/v7e-m/nofp\libc_nano.a(lib_a-impure.o)
 .text          0x00000000        0x0 c:/progra~2/gnuarm~1/102021~1.10/bin/../lib/gcc/arm-none-eabi/10.3.1/../../../../arm-none-eabi/lib/thumb/v7e-m/nofp\libc_nano.a(lib_a-init.o)
 .data          0x00000000        0x0 c:/progra~2/gnuarm~1/102021~1.10/bin/../lib/gcc/arm-none-eabi/10.3.1/../../../../arm-none-eabi/lib/thumb/v7e-m/nofp\libc_nano.a(lib_a-init.o)
 .bss           0x00000000        0x0 c:/progra~2/gnuarm~1/102021~1.10/bin/../lib/gcc/arm-none-eabi/10.3.1/../../../../arm-none-eabi/lib/thumb/v7e-m/nofp\libc_nano.a(lib_a-init.o)
 .text.__libc_init_array
                0x00000000       0x48 c:/progra~2/gnuarm~1/102021~1.10/bin/../lib/gcc/arm-none-eabi/10.3.1/../../../../arm-none-eabi/lib/thumb/v7e-m/nofp\libc_nano.a(lib_a-init.o)
 .debug_frame   0x00000000       0x2c c:/progra~2/gnuarm~1/102021~1.10/bin/../lib/gcc/arm-none-eabi/10.3.1/../../../../arm-none-eabi/lib/thumb/v7e-m/nofp\libc_nano.a(lib_a-init.o)
 .ARM.attributes
                0x00000000       0x2e c:/progra~2/gnuarm~1/102021~1.10/bin/../lib/gcc/arm-none-eabi/10.3.1/../../../../arm-none-eabi/lib/thumb/v7e-m/nofp\libc_nano.a(lib_a-init.o)
 .text          0x00000000        0x0 c:/progra~2/gnuarm~1/102021~1.10/bin/../lib/gcc/arm-none-eabi/10.3.1/../../../../arm-none-eabi/lib/thumb/v7e-m/nofp\libc_nano.a(lib_a-memset.o)
 .data          0x00000000        0x0 c:/progra~2/gnuarm~1/102021~1.10/bin/../lib/gcc/arm-none-eabi/10.3.1/../../../../arm-none-eabi/lib/thumb/v7e-m/nofp\libc_nano.a(lib_a-memset.o)
 .bss           0x00000000        0x0 c:/progra~2/gnuarm~1/102021~1.10/bin/../lib/gcc/arm-none-eabi/10.3.1/../../../../arm-none-eabi/lib/thumb/v7e-m/nofp\libc_nano.a(lib_a-memset.o)
 .text.memset   0x00000000       0x10 c:/progra~2/gnuarm~1/102021~1.10/bin/../lib/gcc/arm-none-eabi/10.3.1/../../../../arm-none-eabi/lib/thumb/v7e-m/nofp\libc_nano.a(lib_a-memset.o)
 .debug_frame   0x00000000       0x20 c:/progra~2/gnuarm~1/102021~1.10/bin/../lib/gcc/arm-none-eabi/10.3.1/../../../../arm-none-eabi/lib/thumb/v7e-m/nofp\libc_nano.a(lib_a-memset.o)
 .ARM.attributes
                0x00000000       0x2e c:/progra~2/gnuarm~1/102021~1.10/bin/../lib/gcc/arm-none-eabi/10.3.1/../../../../arm-none-eabi/lib/thumb/v7e-m/nofp\libc_nano.a(lib_a-memset.o)
 .text          0x00000000        0x0 c:/progra~2/gnuarm~1/102021~1.10/bin/../lib/gcc/arm-none-eabi/10.3.1/../../../../arm-none-eabi/lib/thumb/v7e-m/nofp\libnosys.a(_exit.o)
 .data          0x00000000        0x0 c:/progra~2/gnuarm~1/102021~1.10/bin/../lib/gcc/arm-none-eabi/10.3.1/../../../../arm-none-eabi/lib/thumb/v7e-m/nofp\libnosys.a(_exit.o)
 .bss           0x00000000        0x0 c:/progra~2/gnuarm~1/102021~1.10/bin/../lib/gcc/arm-none-eabi/10.3.1/../../../../arm-none-eabi/lib/thumb/v7e-m/nofp\libnosys.a(_exit.o)
 .text._exit    0x00000000        0x4 c:/progra~2/gnuarm~1/102021~1.10/bin/../lib/gcc/arm-none-eabi/10.3.1/../../../../arm-none-eabi/lib/thumb/v7e-m/nofp\libnosys.a(_exit.o)
 .debug_frame   0x00000000       0x20 c:/progra~2/gnuarm~1/102021~1.10/bin/../lib/gcc/arm-none-eabi/10.3.1/../../../../arm-none-eabi/lib/thumb/v7e-m/nofp\libnosys.a(_exit.o)
 .ARM.attributes
                0x00000000       0x2e c:/progra~2/gnuarm~1/102021~1.10/bin/../lib/gcc/arm-none-eabi/10.3.1/../../../../arm-none-eabi/lib/thumb/v7e-m/nofp\libnosys.a(_exit.o)
 .text          0x00000000        0x0 CMakeFiles/Blink.elf.dir/App/Api/src/main.c.obj
 .data          0x00000000        0x0 CMakeFiles/Blink.elf.dir/App/Api/src/main.c.obj
 .bss           0x00000000        0x0 CMakeFiles/Blink.elf.dir/App/Api/src/main.c.obj
 .bss.g_InitStatus
                0x00000000        0x1 CMakeFiles/Blink.elf.dir/App/Api/src/main.c.obj
 .text          0x00000000        0x0 CMakeFiles/Blink.elf.dir/App/Wrapper/src/Blink.c.obj
 .data          0x00000000        0x0 CMakeFiles/Blink.elf.dir/App/Wrapper/src/Blink.c.obj
 .bss           0x00000000        0x0 CMakeFiles/Blink.elf.dir/App/Wrapper/src/Blink.c.obj
 .text          0x00000000        0x0 CMakeFiles/Blink.elf.dir/Support/Device/stm32f411/Driver/RCC/src/RCC.c.obj
 .data          0x00000000        0x0 CMakeFiles/Blink.elf.dir/Support/Device/stm32f411/Driver/RCC/src/RCC.c.obj
 .bss           0x00000000        0x0 CMakeFiles/Blink.elf.dir/Support/Device/stm32f411/Driver/RCC/src/RCC.c.obj
 .text          0x00000000        0x0 CMakeFiles/Blink.elf.dir/Support/Device/stm32f411/Driver/GPIO/src/GPIO_Func.c.obj
 .data          0x00000000        0x0 CMakeFiles/Blink.elf.dir/Support/Device/stm32f411/Driver/GPIO/src/GPIO_Func.c.obj
 .bss           0x00000000        0x0 CMakeFiles/Blink.elf.dir/Support/Device/stm32f411/Driver/GPIO/src/GPIO_Func.c.obj
 .text          0x00000000        0x0 c:/progra~2/gnuarm~1/102021~1.10/bin/../lib/gcc/arm-none-eabi/10.3.1/thumb/v7e-m/nofp/crtend.o
 .data          0x00000000        0x0 c:/progra~2/gnuarm~1/102021~1.10/bin/../lib/gcc/arm-none-eabi/10.3.1/thumb/v7e-m/nofp/crtend.o
 .bss           0x00000000        0x0 c:/progra~2/gnuarm~1/102021~1.10/bin/../lib/gcc/arm-none-eabi/10.3.1/thumb/v7e-m/nofp/crtend.o
 .rodata        0x00000000       0x24 c:/progra~2/gnuarm~1/102021~1.10/bin/../lib/gcc/arm-none-eabi/10.3.1/thumb/v7e-m/nofp/crtend.o
 .eh_frame      0x00000000        0x4 c:/progra~2/gnuarm~1/102021~1.10/bin/../lib/gcc/arm-none-eabi/10.3.1/thumb/v7e-m/nofp/crtend.o
 .ARM.attributes
                0x00000000       0x2e c:/progra~2/gnuarm~1/102021~1.10/bin/../lib/gcc/arm-none-eabi/10.3.1/thumb/v7e-m/nofp/crtend.o
 .text          0x00000000        0x0 c:/progra~2/gnuarm~1/102021~1.10/bin/../lib/gcc/arm-none-eabi/10.3.1/thumb/v7e-m/nofp/crtn.o
 .data          0x00000000        0x0 c:/progra~2/gnuarm~1/102021~1.10/bin/../lib/gcc/arm-none-eabi/10.3.1/thumb/v7e-m/nofp/crtn.o
 .bss           0x00000000        0x0 c:/progra~2/gnuarm~1/102021~1.10/bin/../lib/gcc/arm-none-eabi/10.3.1/thumb/v7e-m/nofp/crtn.o
 .init          0x00000000        0x8 c:/progra~2/gnuarm~1/102021~1.10/bin/../lib/gcc/arm-none-eabi/10.3.1/thumb/v7e-m/nofp/crtn.o
 .fini          0x00000000        0x8 c:/progra~2/gnuarm~1/102021~1.10/bin/../lib/gcc/arm-none-eabi/10.3.1/thumb/v7e-m/nofp/crtn.o
 .ARM.attributes
                0x00000000       0x1e c:/progra~2/gnuarm~1/102021~1.10/bin/../lib/gcc/arm-none-eabi/10.3.1/thumb/v7e-m/nofp/crtn.o

Memory Configuration

Name             Origin             Length             Attributes
flash            0x08000000         0x00080000         xr
sram             0x20000000         0x00020000         xrw
*default*        0x00000000         0xffffffff

Linker script and memory map

LOAD c:/progra~2/gnuarm~1/102021~1.10/bin/../lib/gcc/arm-none-eabi/10.3.1/thumb/v7e-m/nofp/crti.o
LOAD c:/progra~2/gnuarm~1/102021~1.10/bin/../lib/gcc/arm-none-eabi/10.3.1/thumb/v7e-m/nofp/crtbegin.o
LOAD c:/progra~2/gnuarm~1/102021~1.10/bin/../lib/gcc/arm-none-eabi/10.3.1/../../../../arm-none-eabi/lib/thumb/v7e-m/nofp/crt0.o
LOAD c:/progra~2/gnuarm~1/102021~1.10/bin/../lib/gcc/arm-none-eabi/10.3.1/../../../../arm-none-eabi/lib/thumb/v7e-m/nofp\libc_nano.a
LOAD c:/progra~2/gnuarm~1/102021~1.10/bin/../lib/gcc/arm-none-eabi/10.3.1/../../../../arm-none-eabi/lib/thumb/v7e-m/nofp\libm.a
LOAD c:/progra~2/gnuarm~1/102021~1.10/bin/../lib/gcc/arm-none-eabi/10.3.1/../../../../arm-none-eabi/lib/thumb/v7e-m/nofp\libnosys.a
LOAD CMakeFiles/Blink.elf.dir/App/Api/src/main.c.obj
LOAD CMakeFiles/Blink.elf.dir/App/Wrapper/src/Blink.c.obj
LOAD CMakeFiles/Blink.elf.dir/Support/Device/stm32f411/Driver/RCC/src/RCC.c.obj
LOAD CMakeFiles/Blink.elf.dir/Support/Device/stm32f411/Driver/GPIO/src/GPIO_Func.c.obj
LOAD Blink_Trigger\libBlink_Trigger.a
LOAD GPIO_Setting\libGPIO_Setting.a
LOAD RCC_Setting\libRCC_Setting.a
START GROUP
LOAD c:/progra~2/gnuarm~1/102021~1.10/bin/../lib/gcc/arm-none-eabi/10.3.1/thumb/v7e-m/nofp\libgcc.a
LOAD c:/progra~2/gnuarm~1/102021~1.10/bin/../lib/gcc/arm-none-eabi/10.3.1/../../../../arm-none-eabi/lib/thumb/v7e-m/nofp\libg_nano.a
LOAD c:/progra~2/gnuarm~1/102021~1.10/bin/../lib/gcc/arm-none-eabi/10.3.1/../../../../arm-none-eabi/lib/thumb/v7e-m/nofp\libc_nano.a
END GROUP
START GROUP
LOAD c:/progra~2/gnuarm~1/102021~1.10/bin/../lib/gcc/arm-none-eabi/10.3.1/thumb/v7e-m/nofp\libgcc.a
LOAD c:/progra~2/gnuarm~1/102021~1.10/bin/../lib/gcc/arm-none-eabi/10.3.1/../../../../arm-none-eabi/lib/thumb/v7e-m/nofp\libc_nano.a
LOAD c:/progra~2/gnuarm~1/102021~1.10/bin/../lib/gcc/arm-none-eabi/10.3.1/../../../../arm-none-eabi/lib/thumb/v7e-m/nofp\libnosys.a
END GROUP
START GROUP
LOAD c:/progra~2/gnuarm~1/102021~1.10/bin/../lib/gcc/arm-none-eabi/10.3.1/thumb/v7e-m/nofp\libgcc.a
LOAD c:/progra~2/gnuarm~1/102021~1.10/bin/../lib/gcc/arm-none-eabi/10.3.1/../../../../arm-none-eabi/lib/thumb/v7e-m/nofp\libc_nano.a
LOAD c:/progra~2/gnuarm~1/102021~1.10/bin/../lib/gcc/arm-none-eabi/10.3.1/../../../../arm-none-eabi/lib/thumb/v7e-m/nofp\libnosys.a
END GROUP
LOAD c:/progra~2/gnuarm~1/102021~1.10/bin/../lib/gcc/arm-none-eabi/10.3.1/thumb/v7e-m/nofp/crtend.o
LOAD c:/progra~2/gnuarm~1/102021~1.10/bin/../lib/gcc/arm-none-eabi/10.3.1/thumb/v7e-m/nofp/crtn.o
                0x20020000                _estack = (ORIGIN (sram) + LENGTH (sram))

.vectors        0x08000000      0x198
 *(.vectors)
 .vectors       0x08000000      0x198 CMakeFiles/Blink.elf.dir/App/Api/src/main.c.obj
                0x08000000                tab

.text           0x08000198       0xfa
 *(.text*)
 .text.main     0x08000198       0x16 CMakeFiles/Blink.elf.dir/App/Api/src/main.c.obj
                0x08000198                main
 *fill*         0x080001ae        0x2 
 .text._reset   0x080001b0       0x3c CMakeFiles/Blink.elf.dir/App/Api/src/main.c.obj
                0x080001b0                _reset
 .text.BlinkLed
                0x080001ec       0x30 CMakeFiles/Blink.elf.dir/App/Wrapper/src/Blink.c.obj
                0x080001ec                BlinkLed
 .text.SetupPin
                0x0800021c       0x14 CMakeFiles/Blink.elf.dir/App/Wrapper/src/Blink.c.obj
                0x0800021c                SetupPin
 .text.RCC_Enable
                0x08000230       0x14 CMakeFiles/Blink.elf.dir/Support/Device/stm32f411/Driver/RCC/src/RCC.c.obj
                0x08000230                RCC_Enable
 .text.gpio_set_mode
                0x08000244       0x2e CMakeFiles/Blink.elf.dir/Support/Device/stm32f411/Driver/GPIO/src/GPIO_Func.c.obj
                0x08000244                gpio_set_mode
 .text.gpio_write
                0x08000272       0x20 CMakeFiles/Blink.elf.dir/Support/Device/stm32f411/Driver/GPIO/src/GPIO_Func.c.obj
                0x08000272                gpio_write

.glue_7         0x08000294        0x0
 .glue_7        0x08000294        0x0 linker stubs

.glue_7t        0x08000294        0x0
 .glue_7t       0x08000294        0x0 linker stubs

.vfp11_veneer   0x08000294        0x0
 .vfp11_veneer  0x08000294        0x0 linker stubs

.v4_bx          0x08000294        0x0
 .v4_bx         0x08000294        0x0 linker stubs

.init           0x08000294        0x4
 .init          0x08000294        0x4 c:/progra~2/gnuarm~1/102021~1.10/bin/../lib/gcc/arm-none-eabi/10.3.1/thumb/v7e-m/nofp/crti.o
                0x08000294                _init

.fini           0x08000298        0x4
 .fini          0x08000298        0x4 c:/progra~2/gnuarm~1/102021~1.10/bin/../lib/gcc/arm-none-eabi/10.3.1/thumb/v7e-m/nofp/crti.o
                0x08000298                _fini

.iplt           0x0800029c        0x0
 .iplt          0x0800029c        0x0 CMakeFiles/Blink.elf.dir/App/Api/src/main.c.obj

.rel.dyn        0x0800029c        0x0
 .rel.iplt      0x0800029c        0x0 CMakeFiles/Blink.elf.dir/App/Api/src/main.c.obj

.rodata
 *(.rodata*)

.data           0x20000000        0x0 load address 0x0800029c
                0x20000000                _sdata = .
 *(.first_data)
 *(.data SORT_BY_NAME(.data.*))
                0x20000000                _edata = .
                0x0800029c                _sidata = LOADADDR (.data)

.igot.plt       0x20000000        0x0 load address 0x0800029c
 .igot.plt      0x20000000        0x0 CMakeFiles/Blink.elf.dir/App/Api/src/main.c.obj

.bss            0x20000000        0x0 load address 0x0800029c
                0x20000000                _sbss = .
 *(.bss SORT_BY_NAME(.bss.*) COMMON)
                0x20000000                _ebss = .
                0x20000000                . = ALIGN (0x8)
                0x20000000                _end = .
OUTPUT(Blink.elf elf32-littlearm)
LOAD linker stubs

.ARM.attributes
                0x00000000       0x2a
 .ARM.attributes
                0x00000000       0x1e c:/progra~2/gnuarm~1/102021~1.10/bin/../lib/gcc/arm-none-eabi/10.3.1/thumb/v7e-m/nofp/crti.o
 .ARM.attributes
                0x0000001e       0x2e CMakeFiles/Blink.elf.dir/App/Api/src/main.c.obj
 .ARM.attributes
                0x0000004c       0x2e CMakeFiles/Blink.elf.dir/App/Wrapper/src/Blink.c.obj
 .ARM.attributes
                0x0000007a       0x2e CMakeFiles/Blink.elf.dir/Support/Device/stm32f411/Driver/RCC/src/RCC.c.obj
 .ARM.attributes
                0x000000a8       0x2e CMakeFiles/Blink.elf.dir/Support/Device/stm32f411/Driver/GPIO/src/GPIO_Func.c.obj

.comment        0x00000000       0x49
 .comment       0x00000000       0x49 CMakeFiles/Blink.elf.dir/App/Api/src/main.c.obj
                                 0x4a (size before relaxing)
 .comment       0x00000049       0x4a CMakeFiles/Blink.elf.dir/App/Wrapper/src/Blink.c.obj
 .comment       0x00000049       0x4a CMakeFiles/Blink.elf.dir/Support/Device/stm32f411/Driver/RCC/src/RCC.c.obj
 .comment       0x00000049       0x4a CMakeFiles/Blink.elf.dir/Support/Device/stm32f411/Driver/GPIO/src/GPIO_Func.c.obj

.debug_info     0x00000000      0x89a
 .debug_info    0x00000000      0x236 CMakeFiles/Blink.elf.dir/App/Api/src/main.c.obj
 .debug_info    0x00000236      0x207 CMakeFiles/Blink.elf.dir/App/Wrapper/src/Blink.c.obj
 .debug_info    0x0000043d      0x258 CMakeFiles/Blink.elf.dir/Support/Device/stm32f411/Driver/RCC/src/RCC.c.obj
 .debug_info    0x00000695      0x205 CMakeFiles/Blink.elf.dir/Support/Device/stm32f411/Driver/GPIO/src/GPIO_Func.c.obj

.debug_abbrev   0x00000000      0x43b
 .debug_abbrev  0x00000000      0x162 CMakeFiles/Blink.elf.dir/App/Api/src/main.c.obj
 .debug_abbrev  0x00000162      0x101 CMakeFiles/Blink.elf.dir/App/Wrapper/src/Blink.c.obj
 .debug_abbrev  0x00000263       0xb3 CMakeFiles/Blink.elf.dir/Support/Device/stm32f411/Driver/RCC/src/RCC.c.obj
 .debug_abbrev  0x00000316      0x125 CMakeFiles/Blink.elf.dir/Support/Device/stm32f411/Driver/GPIO/src/GPIO_Func.c.obj

.debug_loc      0x00000000      0x21c
 .debug_loc     0x00000000       0x93 CMakeFiles/Blink.elf.dir/App/Api/src/main.c.obj
 .debug_loc     0x00000093       0xa3 CMakeFiles/Blink.elf.dir/App/Wrapper/src/Blink.c.obj
 .debug_loc     0x00000136       0x25 CMakeFiles/Blink.elf.dir/Support/Device/stm32f411/Driver/RCC/src/RCC.c.obj
 .debug_loc     0x0000015b       0xc1 CMakeFiles/Blink.elf.dir/Support/Device/stm32f411/Driver/GPIO/src/GPIO_Func.c.obj

.debug_aranges  0x00000000       0x98
 .debug_aranges
                0x00000000       0x28 CMakeFiles/Blink.elf.dir/App/Api/src/main.c.obj
 .debug_aranges
                0x00000028       0x28 CMakeFiles/Blink.elf.dir/App/Wrapper/src/Blink.c.obj
 .debug_aranges
                0x00000050       0x20 CMakeFiles/Blink.elf.dir/Support/Device/stm32f411/Driver/RCC/src/RCC.c.obj
 .debug_aranges
                0x00000070       0x28 CMakeFiles/Blink.elf.dir/Support/Device/stm32f411/Driver/GPIO/src/GPIO_Func.c.obj

.debug_ranges   0x00000000       0x58
 .debug_ranges  0x00000000       0x18 CMakeFiles/Blink.elf.dir/App/Api/src/main.c.obj
 .debug_ranges  0x00000018       0x18 CMakeFiles/Blink.elf.dir/App/Wrapper/src/Blink.c.obj
 .debug_ranges  0x00000030       0x10 CMakeFiles/Blink.elf.dir/Support/Device/stm32f411/Driver/RCC/src/RCC.c.obj
 .debug_ranges  0x00000040       0x18 CMakeFiles/Blink.elf.dir/Support/Device/stm32f411/Driver/GPIO/src/GPIO_Func.c.obj

.debug_line     0x00000000      0x756
 .debug_line    0x00000000      0x21e CMakeFiles/Blink.elf.dir/App/Api/src/main.c.obj
 .debug_line    0x0000021e      0x1f1 CMakeFiles/Blink.elf.dir/App/Wrapper/src/Blink.c.obj
 .debug_line    0x0000040f      0x16c CMakeFiles/Blink.elf.dir/Support/Device/stm32f411/Driver/RCC/src/RCC.c.obj
 .debug_line    0x0000057b      0x1db CMakeFiles/Blink.elf.dir/Support/Device/stm32f411/Driver/GPIO/src/GPIO_Func.c.obj

.debug_str      0x00000000      0x3e7
 .debug_str     0x00000000      0x1cb CMakeFiles/Blink.elf.dir/App/Api/src/main.c.obj
                                0x210 (size before relaxing)
 .debug_str     0x000001cb       0x6b CMakeFiles/Blink.elf.dir/App/Wrapper/src/Blink.c.obj
                                0x1e3 (size before relaxing)
 .debug_str     0x00000236      0x132 CMakeFiles/Blink.elf.dir/Support/Device/stm32f411/Driver/RCC/src/RCC.c.obj
                                0x288 (size before relaxing)
 .debug_str     0x00000368       0x7f CMakeFiles/Blink.elf.dir/Support/Device/stm32f411/Driver/GPIO/src/GPIO_Func.c.obj
                                0x209 (size before relaxing)

.debug_frame    0x00000000       0xcc
 .debug_frame   0x00000000       0x38 CMakeFiles/Blink.elf.dir/App/Api/src/main.c.obj
 .debug_frame   0x00000038       0x44 CMakeFiles/Blink.elf.dir/App/Wrapper/src/Blink.c.obj
 .debug_frame   0x0000007c       0x20 CMakeFiles/Blink.elf.dir/Support/Device/stm32f411/Driver/RCC/src/RCC.c.obj
 .debug_frame   0x0000009c       0x30 CMakeFiles/Blink.elf.dir/Support/Device/stm32f411/Driver/GPIO/src/GPIO_Func.c.obj

Cross Reference Table

Symbol                                            File
BlinkLed                                          CMakeFiles/Blink.elf.dir/App/Wrapper/src/Blink.c.obj
                                                  CMakeFiles/Blink.elf.dir/App/Api/src/main.c.obj
RCC_Enable                                        CMakeFiles/Blink.elf.dir/Support/Device/stm32f411/Driver/RCC/src/RCC.c.obj
                                                  CMakeFiles/Blink.elf.dir/App/Wrapper/src/Blink.c.obj
SetupPin                                          CMakeFiles/Blink.elf.dir/App/Wrapper/src/Blink.c.obj
                                                  CMakeFiles/Blink.elf.dir/App/Api/src/main.c.obj
__bss_end__                                       c:/progra~2/gnuarm~1/102021~1.10/bin/../lib/gcc/arm-none-eabi/10.3.1/../../../../arm-none-eabi/lib/thumb/v7e-m/nofp/crt0.o
__bss_start__                                     c:/progra~2/gnuarm~1/102021~1.10/bin/../lib/gcc/arm-none-eabi/10.3.1/../../../../arm-none-eabi/lib/thumb/v7e-m/nofp/crt0.o
__call_exitprocs                                  c:/progra~2/gnuarm~1/102021~1.10/bin/../lib/gcc/arm-none-eabi/10.3.1/../../../../arm-none-eabi/lib/thumb/v7e-m/nofp\libc_nano.a(lib_a-exit.o)
__deregister_frame_info                           c:/progra~2/gnuarm~1/102021~1.10/bin/../lib/gcc/arm-none-eabi/10.3.1/thumb/v7e-m/nofp/crtbegin.o
__dso_handle                                      c:/progra~2/gnuarm~1/102021~1.10/bin/../lib/gcc/arm-none-eabi/10.3.1/thumb/v7e-m/nofp/crtbegin.o
__init_array_end                                  c:/progra~2/gnuarm~1/102021~1.10/bin/../lib/gcc/arm-none-eabi/10.3.1/../../../../arm-none-eabi/lib/thumb/v7e-m/nofp\libc_nano.a(lib_a-init.o)
__init_array_start                                c:/progra~2/gnuarm~1/102021~1.10/bin/../lib/gcc/arm-none-eabi/10.3.1/../../../../arm-none-eabi/lib/thumb/v7e-m/nofp\libc_nano.a(lib_a-init.o)
__libc_fini_array                                 c:/progra~2/gnuarm~1/102021~1.10/bin/../lib/gcc/arm-none-eabi/10.3.1/../../../../arm-none-eabi/lib/thumb/v7e-m/nofp/crt0.o
__libc_init_array                                 c:/progra~2/gnuarm~1/102021~1.10/bin/../lib/gcc/arm-none-eabi/10.3.1/../../../../arm-none-eabi/lib/thumb/v7e-m/nofp\libc_nano.a(lib_a-init.o)
                                                  c:/progra~2/gnuarm~1/102021~1.10/bin/../lib/gcc/arm-none-eabi/10.3.1/../../../../arm-none-eabi/lib/thumb/v7e-m/nofp/crt0.o
__preinit_array_end                               c:/progra~2/gnuarm~1/102021~1.10/bin/../lib/gcc/arm-none-eabi/10.3.1/../../../../arm-none-eabi/lib/thumb/v7e-m/nofp\libc_nano.a(lib_a-init.o)
__preinit_array_start                             c:/progra~2/gnuarm~1/102021~1.10/bin/../lib/gcc/arm-none-eabi/10.3.1/../../../../arm-none-eabi/lib/thumb/v7e-m/nofp\libc_nano.a(lib_a-init.o)
__register_frame_info                             c:/progra~2/gnuarm~1/102021~1.10/bin/../lib/gcc/arm-none-eabi/10.3.1/thumb/v7e-m/nofp/crtbegin.o
__sf_fake_stderr                                  c:/progra~2/gnuarm~1/102021~1.10/bin/../lib/gcc/arm-none-eabi/10.3.1/../../../../arm-none-eabi/lib/thumb/v7e-m/nofp\libc_nano.a(lib_a-impure.o)
__sf_fake_stdin                                   c:/progra~2/gnuarm~1/102021~1.10/bin/../lib/gcc/arm-none-eabi/10.3.1/../../../../arm-none-eabi/lib/thumb/v7e-m/nofp\libc_nano.a(lib_a-impure.o)
__sf_fake_stdout                                  c:/progra~2/gnuarm~1/102021~1.10/bin/../lib/gcc/arm-none-eabi/10.3.1/../../../../arm-none-eabi/lib/thumb/v7e-m/nofp\libc_nano.a(lib_a-impure.o)
__stack                                           c:/progra~2/gnuarm~1/102021~1.10/bin/../lib/gcc/arm-none-eabi/10.3.1/../../../../arm-none-eabi/lib/thumb/v7e-m/nofp/crt0.o
_ebss                                             CMakeFiles/Blink.elf.dir/App/Api/src/main.c.obj
_edata                                            CMakeFiles/Blink.elf.dir/App/Api/src/main.c.obj
_estack                                           CMakeFiles/Blink.elf.dir/App/Api/src/main.c.obj
_exit                                             c:/progra~2/gnuarm~1/102021~1.10/bin/../lib/gcc/arm-none-eabi/10.3.1/../../../../arm-none-eabi/lib/thumb/v7e-m/nofp\libnosys.a(_exit.o)
                                                  c:/progra~2/gnuarm~1/102021~1.10/bin/../lib/gcc/arm-none-eabi/10.3.1/../../../../arm-none-eabi/lib/thumb/v7e-m/nofp\libc_nano.a(lib_a-exit.o)
_fini                                             c:/progra~2/gnuarm~1/102021~1.10/bin/../lib/gcc/arm-none-eabi/10.3.1/thumb/v7e-m/nofp/crti.o
_global_impure_ptr                                c:/progra~2/gnuarm~1/102021~1.10/bin/../lib/gcc/arm-none-eabi/10.3.1/../../../../arm-none-eabi/lib/thumb/v7e-m/nofp\libc_nano.a(lib_a-impure.o)
                                                  c:/progra~2/gnuarm~1/102021~1.10/bin/../lib/gcc/arm-none-eabi/10.3.1/../../../../arm-none-eabi/lib/thumb/v7e-m/nofp\libc_nano.a(lib_a-exit.o)
_impure_ptr                                       c:/progra~2/gnuarm~1/102021~1.10/bin/../lib/gcc/arm-none-eabi/10.3.1/../../../../arm-none-eabi/lib/thumb/v7e-m/nofp\libc_nano.a(lib_a-impure.o)
_init                                             c:/progra~2/gnuarm~1/102021~1.10/bin/../lib/gcc/arm-none-eabi/10.3.1/thumb/v7e-m/nofp/crti.o
                                                  c:/progra~2/gnuarm~1/102021~1.10/bin/../lib/gcc/arm-none-eabi/10.3.1/../../../../arm-none-eabi/lib/thumb/v7e-m/nofp\libc_nano.a(lib_a-init.o)
_mainCRTStartup                                   c:/progra~2/gnuarm~1/102021~1.10/bin/../lib/gcc/arm-none-eabi/10.3.1/../../../../arm-none-eabi/lib/thumb/v7e-m/nofp/crt0.o
_reset                                            CMakeFiles/Blink.elf.dir/App/Api/src/main.c.obj
_sbss                                             CMakeFiles/Blink.elf.dir/App/Api/src/main.c.obj
_sdata                                            CMakeFiles/Blink.elf.dir/App/Api/src/main.c.obj
_sidata                                           CMakeFiles/Blink.elf.dir/App/Api/src/main.c.obj
_stack_init                                       c:/progra~2/gnuarm~1/102021~1.10/bin/../lib/gcc/arm-none-eabi/10.3.1/../../../../arm-none-eabi/lib/thumb/v7e-m/nofp/crt0.o
_start                                            c:/progra~2/gnuarm~1/102021~1.10/bin/../lib/gcc/arm-none-eabi/10.3.1/../../../../arm-none-eabi/lib/thumb/v7e-m/nofp/crt0.o
atexit                                            c:/progra~2/gnuarm~1/102021~1.10/bin/../lib/gcc/arm-none-eabi/10.3.1/../../../../arm-none-eabi/lib/thumb/v7e-m/nofp/crt0.o
exit                                              c:/progra~2/gnuarm~1/102021~1.10/bin/../lib/gcc/arm-none-eabi/10.3.1/../../../../arm-none-eabi/lib/thumb/v7e-m/nofp\libc_nano.a(lib_a-exit.o)
                                                  c:/progra~2/gnuarm~1/102021~1.10/bin/../lib/gcc/arm-none-eabi/10.3.1/../../../../arm-none-eabi/lib/thumb/v7e-m/nofp/crt0.o
g_InitStatus                                      CMakeFiles/Blink.elf.dir/App/Api/src/main.c.obj
gpio_set_mode                                     CMakeFiles/Blink.elf.dir/Support/Device/stm32f411/Driver/GPIO/src/GPIO_Func.c.obj
                                                  CMakeFiles/Blink.elf.dir/App/Wrapper/src/Blink.c.obj
gpio_write                                        CMakeFiles/Blink.elf.dir/Support/Device/stm32f411/Driver/GPIO/src/GPIO_Func.c.obj
                                                  CMakeFiles/Blink.elf.dir/App/Wrapper/src/Blink.c.obj
hardware_init_hook                                c:/progra~2/gnuarm~1/102021~1.10/bin/../lib/gcc/arm-none-eabi/10.3.1/../../../../arm-none-eabi/lib/thumb/v7e-m/nofp/crt0.o
main                                              CMakeFiles/Blink.elf.dir/App/Api/src/main.c.obj
                                                  c:/progra~2/gnuarm~1/102021~1.10/bin/../lib/gcc/arm-none-eabi/10.3.1/../../../../arm-none-eabi/lib/thumb/v7e-m/nofp/crt0.o
memset                                            c:/progra~2/gnuarm~1/102021~1.10/bin/../lib/gcc/arm-none-eabi/10.3.1/../../../../arm-none-eabi/lib/thumb/v7e-m/nofp\libc_nano.a(lib_a-memset.o)
                                                  c:/progra~2/gnuarm~1/102021~1.10/bin/../lib/gcc/arm-none-eabi/10.3.1/../../../../arm-none-eabi/lib/thumb/v7e-m/nofp/crt0.o
software_init_hook                                c:/progra~2/gnuarm~1/102021~1.10/bin/../lib/gcc/arm-none-eabi/10.3.1/../../../../arm-none-eabi/lib/thumb/v7e-m/nofp/crt0.o
tab                                               CMakeFiles/Blink.elf.dir/App/Api/src/main.c.obj
